%!Adobe-FontList 1.25
%Locale:0x40c

%BeginFont
Handler:DirectoryHandler
FontType:Invalid
OutlineFileName:C:\RUBIKA\Unity GIT\ZeldaLike_blue_group\Assets\04_Assets\Menu\Font\eras-itc-bold SDF.asset
FileModTime:1781291052
%EndFont

%BeginFont
Handler:DirectoryHandler
FontType:Invalid
OutlineFileName:C:\RUBIKA\Unity GIT\ZeldaLike_blue_group\Assets\04_Assets\Menu\Font\eras-itc-bold SDF.asset.meta
FileModTime:1777381642
%EndFont

%BeginFont
Handler:DirectoryHandler
FontType:TrueType
FontName:ErasITC-Bold
FamilyName:Eras Bold ITC
StyleName:Regular
FullName:Eras Bold ITC
MenuName:Eras Bold ITC
StyleBits:0
WritingScript:Roman
OutlineFileName:C:\RUBIKA\Unity GIT\ZeldaLike_blue_group\Assets\04_Assets\Menu\Font\eras-itc-bold.ttf
DataFormat:sfntData
hasSVG:no
hasCOLR:no
VariableFontType:NonVariableFont
FileLength:57508
FileModTime:1776188337
WeightClass:400
WidthClass:5
AngleClass:0
NameArray:0,Mac,4,Eras Bold ITC
NameArray:0,Win,1,Eras Bold ITC
%EndFont

%BeginFont
Handler:DirectoryHandler
FontType:Invalid
OutlineFileName:C:\RUBIKA\Unity GIT\ZeldaLike_blue_group\Assets\04_Assets\Menu\Font\eras-itc-bold.ttf.meta
FileModTime:1776188337
%EndFont

